{
    "builds": [
        {
            "artifacts": "https://9.114.60.117:31614/streams/rest/builds/110/artifacts",
            "creationTime": 1561133232735,
            "creationUser": "stest05",
            "id": "110",
            "inactivityTimeout": 15,
            "incremental": false,
            "lastActivityTime": 1561133249659,
            "logMessages": "https://9.114.60.117:31614/streams/rest/builds/110/logmessages",
            "name": "_submit_job_5104085FD3623B8A",
            "originatingTool": "",
            "processingEndTime": 1561133249575,
            "processingStartTime": 1561133234604,
            "resourceType": "build",
            "restid": "110",
            "self": "https://9.114.60.117:31614/streams/rest/builds/110",
            "status": "built",
            "submitCount": 1,
            "type": "application",
            "waitQueuePosition": 0
        }
    ],
    "resourceType": "buildList",
    "snapshot": "https://9.114.60.117:31614/streams/rest/builds/snapshot",
    "total": 1
}
