{
    "resources": [
        {
            "name": "builds",
            "resource": "https://9.114.60.117:31614/streams/rest/builds"
        },
        {
            "name": "buildPool",
            "resource": "https://9.114.60.117:31614/streams/rest/buildpool"
        },
        {
            "name": "productInstalls",
            "resource": "https://9.114.60.117:31614/streams/rest/productinstalls"
        },
        {
            "name": "toolkits",
            "resource": "https://9.114.60.117:31614/streams/rest/toolkits"
        },
        {
            "name": "resources",
            "resource": "https://9.114.60.117:31614/streams/rest/resources"
        }
    ]
}
