{"messages":[{"id":"CDISW5000E","message":"CDISW5000E The resource with the toolkit resourceType and restid test2_checkpoint.test_source cannot be found.","status":"error"}]}