 https://9.114.60.117:31614/streams/rest/toolkits/com.ibm.streams.cep-2.1.1/index
 https://9.114.60.117:31614/streams/rest/toolkits/com.ibm.streams.cybersecurity-2.1.1/index
 https://9.114.60.117:31614/streams/rest/toolkits/com.ibm.streams.geospatial-3.3.2/index
 https://9.114.60.117:31614/streams/rest/toolkits/com.ibm.streams.pmml-2.1.0/index
 https://9.114.60.117:31614/streams/rest/toolkits/com.ibm.streams.rproject-2.1.2/index
 https://9.114.60.117:31614/streams/rest/toolkits/com.ibm.streams.rules-2.1.2/index
 https://9.114.60.117:31614/streams/rest/toolkits/com.ibm.streams.rulescompiler-1.2.19/index
 https://9.114.60.117:31614/streams/rest/toolkits/com.ibm.streams.teda-2.2.1/index
 https://9.114.60.117:31614/streams/rest/toolkits/com.ibm.streams.text-2.3.2/index
 https://9.114.60.117:31614/streams/rest/toolkits/com.ibm.streams.timeseries-5.0.1/index
 https://9.114.60.117:31614/streams/rest/toolkits/com.ibm.streamsx.avro-1.2.2/index
 https://9.114.60.117:31614/streams/rest/toolkits/com.ibm.streamsx.datetime-1.2.1/index
 https://9.114.60.117:31614/streams/rest/toolkits/com.ibm.streamsx.dps-4.0.0/index
 https://9.114.60.117:31614/streams/rest/toolkits/com.ibm.streamsx.elasticsearch-2.1.1/index
 https://9.114.60.117:31614/streams/rest/toolkits/com.ibm.streamsx.eventstore-2.0.3/index
 https://9.114.60.117:31614/streams/rest/toolkits/com.ibm.streamsx.hbase-3.6.0/index
 https://9.114.60.117:31614/streams/rest/toolkits/com.ibm.streamsx.hdfs-4.4.1/index
 https://9.114.60.117:31614/streams/rest/toolkits/com.ibm.streamsx.inet-3.1.0/index
 https://9.114.60.117:31614/streams/rest/toolkits/com.ibm.streamsx.iot-1.2.0/index
 https://9.114.60.117:31614/streams/rest/toolkits/com.ibm.streamsx.jdbc-1.6.0/index
 https://9.114.60.117:31614/streams/rest/toolkits/com.ibm.streamsx.json-1.5.2/index
 https://9.114.60.117:31614/streams/rest/toolkits/com.ibm.streamsx.kafka-1.9.4/index
 https://9.114.60.117:31614/streams/rest/toolkits/com.ibm.streamsx.messagehub-1.9.3/index
 https://9.114.60.117:31614/streams/rest/toolkits/com.ibm.streamsx.messaging-5.4.1/index
 https://9.114.60.117:31614/streams/rest/toolkits/com.ibm.streamsx.mqtt-1.0.1/index
 https://9.114.60.117:31614/streams/rest/toolkits/com.ibm.streamsx.network-3.2.1/index
 https://9.114.60.117:31614/streams/rest/toolkits/com.ibm.streamsx.objectstorage-1.9.2/index
 https://9.114.60.117:31614/streams/rest/toolkits/com.ibm.streamsx.rabbitmq-1.2.1/index
 https://9.114.60.117:31614/streams/rest/toolkits/com.ibm.streamsx.sparkmllib-1.2.0/index
 https://9.114.60.117:31614/streams/rest/toolkits/com.ibm.streamsx.topology-1.12.10/index
 https://9.114.60.117:31614/streams/rest/toolkits/spl/index
