{"messages":[{"id":"CDISB5050E","message":"CDISB5050E Installation of the toolkit package failed. Ensure capacity is available on the persistent volume and the format of the toolkit package is correct.","status":"error"}]}