{
    "resourceType": "toolkitList",
    "toolkits": [
        {
            "id": "com.ibm.streams.cep-2.1.1",
            "index": "https://9.114.60.117:31614/streams/rest/toolkits/com.ibm.streams.cep-2.1.1/index",
            "name": "com.ibm.streams.cep",
            "path": "/opt/ibm/streams/toolkits/com.ibm.streams.cep-2.1.1",
            "requiredProductVersion": "4.2.1.0",
            "resourceType": "toolkit",
            "restid": "com.ibm.streams.cep-2.1.1",
            "self": "https://9.114.60.117:31614/streams/rest/toolkits/com.ibm.streams.cep-2.1.1",
            "version": "2.1.1"
        },
        {
            "id": "com.ibm.streams.cybersecurity-2.1.1",
            "index": "https://9.114.60.117:31614/streams/rest/toolkits/com.ibm.streams.cybersecurity-2.1.1/index",
            "name": "com.ibm.streams.cybersecurity",
            "path": "/opt/ibm/streams/toolkits/com.ibm.streams.cybersecurity-2.1.1",
            "requiredProductVersion": "4.2.1.0",
            "resourceType": "toolkit",
            "restid": "com.ibm.streams.cybersecurity-2.1.1",
            "self": "https://9.114.60.117:31614/streams/rest/toolkits/com.ibm.streams.cybersecurity-2.1.1",
            "version": "2.1.1"
        },
        {
            "id": "com.ibm.streams.geospatial-3.3.2",
            "index": "https://9.114.60.117:31614/streams/rest/toolkits/com.ibm.streams.geospatial-3.3.2/index",
            "name": "com.ibm.streams.geospatial",
            "path": "/opt/ibm/streams/toolkits/com.ibm.streams.geospatial-3.3.2",
            "requiredProductVersion": "4.2.1.0",
            "resourceType": "toolkit",
            "restid": "com.ibm.streams.geospatial-3.3.2",
            "self": "https://9.114.60.117:31614/streams/rest/toolkits/com.ibm.streams.geospatial-3.3.2",
            "version": "3.3.2"
        },
        {
            "id": "com.ibm.streams.pmml-2.1.0",
            "index": "https://9.114.60.117:31614/streams/rest/toolkits/com.ibm.streams.pmml-2.1.0/index",
            "name": "com.ibm.streams.pmml",
            "path": "/opt/ibm/streams/toolkits/com.ibm.streams.pmml-2.1.0",
            "requiredProductVersion": "4.3.0.0",
            "resourceType": "toolkit",
            "restid": "com.ibm.streams.pmml-2.1.0",
            "self": "https://9.114.60.117:31614/streams/rest/toolkits/com.ibm.streams.pmml-2.1.0",
            "version": "2.1.0"
        },
        {
            "id": "com.ibm.streams.rproject-2.1.2",
            "index": "https://9.114.60.117:31614/streams/rest/toolkits/com.ibm.streams.rproject-2.1.2/index",
            "name": "com.ibm.streams.rproject",
            "path": "/opt/ibm/streams/toolkits/com.ibm.streams.rproject-2.1.2",
            "requiredProductVersion": "4.2.1.0",
            "resourceType": "toolkit",
            "restid": "com.ibm.streams.rproject-2.1.2",
            "self": "https://9.114.60.117:31614/streams/rest/toolkits/com.ibm.streams.rproject-2.1.2",
            "version": "2.1.2"
        },
        {
            "id": "com.ibm.streams.rules-2.1.2",
            "index": "https://9.114.60.117:31614/streams/rest/toolkits/com.ibm.streams.rules-2.1.2/index",
            "name": "com.ibm.streams.rules",
            "path": "/opt/ibm/streams/toolkits/com.ibm.streams.rules-2.1.2",
            "requiredProductVersion": "4.2.1.0",
            "resourceType": "toolkit",
            "restid": "com.ibm.streams.rules-2.1.2",
            "self": "https://9.114.60.117:31614/streams/rest/toolkits/com.ibm.streams.rules-2.1.2",
            "version": "2.1.2"
        },
        {
            "id": "com.ibm.streams.rulescompiler-1.2.19",
            "index": "https://9.114.60.117:31614/streams/rest/toolkits/com.ibm.streams.rulescompiler-1.2.19/index",
            "name": "com.ibm.streams.rulescompiler",
            "path": "/opt/ibm/streams/toolkits/com.ibm.streams.rulescompiler-1.2.19",
            "requiredProductVersion": "4.2.1.0",
            "resourceType": "toolkit",
            "restid": "com.ibm.streams.rulescompiler-1.2.19",
            "self": "https://9.114.60.117:31614/streams/rest/toolkits/com.ibm.streams.rulescompiler-1.2.19",
            "version": "1.2.19"
        },
        {
            "id": "com.ibm.streams.teda-2.2.1",
            "index": "https://9.114.60.117:31614/streams/rest/toolkits/com.ibm.streams.teda-2.2.1/index",
            "name": "com.ibm.streams.teda",
            "path": "/opt/ibm/streams/toolkits/com.ibm.streams.teda-2.2.1",
            "requiredProductVersion": "4.2.1",
            "resourceType": "toolkit",
            "restid": "com.ibm.streams.teda-2.2.1",
            "self": "https://9.114.60.117:31614/streams/rest/toolkits/com.ibm.streams.teda-2.2.1",
            "version": "2.2.1"
        },
        {
            "id": "com.ibm.streams.text-2.3.2",
            "index": "https://9.114.60.117:31614/streams/rest/toolkits/com.ibm.streams.text-2.3.2/index",
            "name": "com.ibm.streams.text",
            "path": "/opt/ibm/streams/toolkits/com.ibm.streams.text-2.3.2",
            "requiredProductVersion": "4.2.1.0",
            "resourceType": "toolkit",
            "restid": "com.ibm.streams.text-2.3.2",
            "self": "https://9.114.60.117:31614/streams/rest/toolkits/com.ibm.streams.text-2.3.2",
            "version": "2.3.2"
        },
        {
            "id": "com.ibm.streams.timeseries-5.0.1",
            "index": "https://9.114.60.117:31614/streams/rest/toolkits/com.ibm.streams.timeseries-5.0.1/index",
            "name": "com.ibm.streams.timeseries",
            "path": "/opt/ibm/streams/toolkits/com.ibm.streams.timeseries-5.0.1",
            "requiredProductVersion": "4.0.0.0",
            "resourceType": "toolkit",
            "restid": "com.ibm.streams.timeseries-5.0.1",
            "self": "https://9.114.60.117:31614/streams/rest/toolkits/com.ibm.streams.timeseries-5.0.1",
            "version": "5.0.1"
        },
        {
            "id": "com.ibm.streamsx.avro-1.2.2",
            "index": "https://9.114.60.117:31614/streams/rest/toolkits/com.ibm.streamsx.avro-1.2.2/index",
            "name": "com.ibm.streamsx.avro",
            "path": "/opt/ibm/streams/toolkits/com.ibm.streamsx.avro-1.2.2",
            "requiredProductVersion": "4.2.0.0",
            "resourceType": "toolkit",
            "restid": "com.ibm.streamsx.avro-1.2.2",
            "self": "https://9.114.60.117:31614/streams/rest/toolkits/com.ibm.streamsx.avro-1.2.2",
            "version": "1.2.2"
        },
        {
            "id": "com.ibm.streamsx.datetime-1.2.1",
            "index": "https://9.114.60.117:31614/streams/rest/toolkits/com.ibm.streamsx.datetime-1.2.1/index",
            "name": "com.ibm.streamsx.datetime",
            "path": "/opt/ibm/streams/toolkits/com.ibm.streamsx.datetime-1.2.1",
            "requiredProductVersion": "3.2.0",
            "resourceType": "toolkit",
            "restid": "com.ibm.streamsx.datetime-1.2.1",
            "self": "https://9.114.60.117:31614/streams/rest/toolkits/com.ibm.streamsx.datetime-1.2.1",
            "version": "1.2.1"
        },
        {
            "id": "com.ibm.streamsx.dps-4.0.0",
            "index": "https://9.114.60.117:31614/streams/rest/toolkits/com.ibm.streamsx.dps-4.0.0/index",
            "name": "com.ibm.streamsx.dps",
            "path": "/opt/ibm/streams/toolkits/com.ibm.streamsx.dps-4.0.0",
            "requiredProductVersion": "4.2.0.0",
            "resourceType": "toolkit",
            "restid": "com.ibm.streamsx.dps-4.0.0",
            "self": "https://9.114.60.117:31614/streams/rest/toolkits/com.ibm.streamsx.dps-4.0.0",
            "version": "4.0.0"
        },
        {
            "id": "com.ibm.streamsx.elasticsearch-2.1.1",
            "index": "https://9.114.60.117:31614/streams/rest/toolkits/com.ibm.streamsx.elasticsearch-2.1.1/index",
            "name": "com.ibm.streamsx.elasticsearch",
            "path": "/opt/ibm/streams/toolkits/com.ibm.streamsx.elasticsearch-2.1.1",
            "requiredProductVersion": "4.2.0.0",
            "resourceType": "toolkit",
            "restid": "com.ibm.streamsx.elasticsearch-2.1.1",
            "self": "https://9.114.60.117:31614/streams/rest/toolkits/com.ibm.streamsx.elasticsearch-2.1.1",
            "version": "2.1.1"
        },
        {
            "id": "com.ibm.streamsx.eventstore-2.0.3",
            "index": "https://9.114.60.117:31614/streams/rest/toolkits/com.ibm.streamsx.eventstore-2.0.3/index",
            "name": "com.ibm.streamsx.eventstore",
            "path": "/opt/ibm/streams/toolkits/com.ibm.streamsx.eventstore-2.0.3",
            "requiredProductVersion": "4.3.0.0",
            "resourceType": "toolkit",
            "restid": "com.ibm.streamsx.eventstore-2.0.3",
            "self": "https://9.114.60.117:31614/streams/rest/toolkits/com.ibm.streamsx.eventstore-2.0.3",
            "version": "2.0.3"
        },
        {
            "id": "com.ibm.streamsx.hbase-3.6.0",
            "index": "https://9.114.60.117:31614/streams/rest/toolkits/com.ibm.streamsx.hbase-3.6.0/index",
            "name": "com.ibm.streamsx.hbase",
            "path": "/opt/ibm/streams/toolkits/com.ibm.streamsx.hbase-3.6.0",
            "requiredProductVersion": "4.0.0.0",
            "resourceType": "toolkit",
            "restid": "com.ibm.streamsx.hbase-3.6.0",
            "self": "https://9.114.60.117:31614/streams/rest/toolkits/com.ibm.streamsx.hbase-3.6.0",
            "version": "3.6.0"
        },
        {
            "id": "com.ibm.streamsx.hdfs-4.4.1",
            "index": "https://9.114.60.117:31614/streams/rest/toolkits/com.ibm.streamsx.hdfs-4.4.1/index",
            "name": "com.ibm.streamsx.hdfs",
            "path": "/opt/ibm/streams/toolkits/com.ibm.streamsx.hdfs-4.4.1",
            "requiredProductVersion": "4.2.0.0",
            "resourceType": "toolkit",
            "restid": "com.ibm.streamsx.hdfs-4.4.1",
            "self": "https://9.114.60.117:31614/streams/rest/toolkits/com.ibm.streamsx.hdfs-4.4.1",
            "version": "4.4.1"
        },
        {
            "id": "com.ibm.streamsx.inet-3.1.0",
            "index": "https://9.114.60.117:31614/streams/rest/toolkits/com.ibm.streamsx.inet-3.1.0/index",
            "name": "com.ibm.streamsx.inet",
            "path": "/opt/ibm/streams/toolkits/com.ibm.streamsx.inet-3.1.0",
            "requiredProductVersion": "4.0.1.0",
            "resourceType": "toolkit",
            "restid": "com.ibm.streamsx.inet-3.1.0",
            "self": "https://9.114.60.117:31614/streams/rest/toolkits/com.ibm.streamsx.inet-3.1.0",
            "version": "3.1.0"
        },
        {
            "id": "com.ibm.streamsx.iot-1.2.0",
            "index": "https://9.114.60.117:31614/streams/rest/toolkits/com.ibm.streamsx.iot-1.2.0/index",
            "name": "com.ibm.streamsx.iot",
            "path": "/opt/ibm/streams/toolkits/com.ibm.streamsx.iot-1.2.0",
            "requiredProductVersion": "4.2.0.0",
            "resourceType": "toolkit",
            "restid": "com.ibm.streamsx.iot-1.2.0",
            "self": "https://9.114.60.117:31614/streams/rest/toolkits/com.ibm.streamsx.iot-1.2.0",
            "version": "1.2.0"
        },
        {
            "id": "com.ibm.streamsx.jdbc-1.6.0",
            "index": "https://9.114.60.117:31614/streams/rest/toolkits/com.ibm.streamsx.jdbc-1.6.0/index",
            "name": "com.ibm.streamsx.jdbc",
            "path": "/opt/ibm/streams/toolkits/com.ibm.streamsx.jdbc-1.6.0",
            "requiredProductVersion": "4.2.0.0",
            "resourceType": "toolkit",
            "restid": "com.ibm.streamsx.jdbc-1.6.0",
            "self": "https://9.114.60.117:31614/streams/rest/toolkits/com.ibm.streamsx.jdbc-1.6.0",
            "version": "1.6.0"
        },
        {
            "id": "com.ibm.streamsx.json-1.5.2",
            "index": "https://9.114.60.117:31614/streams/rest/toolkits/com.ibm.streamsx.json-1.5.2/index",
            "name": "com.ibm.streamsx.json",
            "path": "/opt/ibm/streams/toolkits/com.ibm.streamsx.json-1.5.2",
            "requiredProductVersion": "4.3.0",
            "resourceType": "toolkit",
            "restid": "com.ibm.streamsx.json-1.5.2",
            "self": "https://9.114.60.117:31614/streams/rest/toolkits/com.ibm.streamsx.json-1.5.2",
            "version": "1.5.2"
        },
        {
            "id": "com.ibm.streamsx.kafka-1.9.4",
            "index": "https://9.114.60.117:31614/streams/rest/toolkits/com.ibm.streamsx.kafka-1.9.4/index",
            "name": "com.ibm.streamsx.kafka",
            "path": "/opt/ibm/streams/toolkits/com.ibm.streamsx.kafka-1.9.4",
            "requiredProductVersion": "4.2.0.0",
            "resourceType": "toolkit",
            "restid": "com.ibm.streamsx.kafka-1.9.4",
            "self": "https://9.114.60.117:31614/streams/rest/toolkits/com.ibm.streamsx.kafka-1.9.4",
            "version": "1.9.4"
        },
        {
            "id": "com.ibm.streamsx.messagehub-1.9.3",
            "index": "https://9.114.60.117:31614/streams/rest/toolkits/com.ibm.streamsx.messagehub-1.9.3/index",
            "name": "com.ibm.streamsx.messagehub",
            "path": "/opt/ibm/streams/toolkits/com.ibm.streamsx.messagehub-1.9.3",
            "requiredProductVersion": "4.2.0.0",
            "resourceType": "toolkit",
            "restid": "com.ibm.streamsx.messagehub-1.9.3",
            "self": "https://9.114.60.117:31614/streams/rest/toolkits/com.ibm.streamsx.messagehub-1.9.3",
            "version": "1.9.3"
        },
        {
            "id": "com.ibm.streamsx.messaging-5.4.1",
            "index": "https://9.114.60.117:31614/streams/rest/toolkits/com.ibm.streamsx.messaging-5.4.1/index",
            "name": "com.ibm.streamsx.messaging",
            "path": "/opt/ibm/streams/toolkits/com.ibm.streamsx.messaging-5.4.1",
            "requiredProductVersion": "4.2.0.0",
            "resourceType": "toolkit",
            "restid": "com.ibm.streamsx.messaging-5.4.1",
            "self": "https://9.114.60.117:31614/streams/rest/toolkits/com.ibm.streamsx.messaging-5.4.1",
            "version": "5.4.1"
        },
        {
            "id": "com.ibm.streamsx.mqtt-1.0.1",
            "index": "https://9.114.60.117:31614/streams/rest/toolkits/com.ibm.streamsx.mqtt-1.0.1/index",
            "name": "com.ibm.streamsx.mqtt",
            "path": "/opt/ibm/streams/toolkits/com.ibm.streamsx.mqtt-1.0.1",
            "requiredProductVersion": "4.2.0.0",
            "resourceType": "toolkit",
            "restid": "com.ibm.streamsx.mqtt-1.0.1",
            "self": "https://9.114.60.117:31614/streams/rest/toolkits/com.ibm.streamsx.mqtt-1.0.1",
            "version": "1.0.1"
        },
        {
            "id": "com.ibm.streamsx.network-3.2.1",
            "index": "https://9.114.60.117:31614/streams/rest/toolkits/com.ibm.streamsx.network-3.2.1/index",
            "name": "com.ibm.streamsx.network",
            "path": "/opt/ibm/streams/toolkits/com.ibm.streamsx.network-3.2.1",
            "requiredProductVersion": "4.0.1.0",
            "resourceType": "toolkit",
            "restid": "com.ibm.streamsx.network-3.2.1",
            "self": "https://9.114.60.117:31614/streams/rest/toolkits/com.ibm.streamsx.network-3.2.1",
            "version": "3.2.1"
        },
        {
            "id": "com.ibm.streamsx.objectstorage-1.9.2",
            "index": "https://9.114.60.117:31614/streams/rest/toolkits/com.ibm.streamsx.objectstorage-1.9.2/index",
            "name": "com.ibm.streamsx.objectstorage",
            "path": "/opt/ibm/streams/toolkits/com.ibm.streamsx.objectstorage-1.9.2",
            "requiredProductVersion": "4.2.0.0",
            "resourceType": "toolkit",
            "restid": "com.ibm.streamsx.objectstorage-1.9.2",
            "self": "https://9.114.60.117:31614/streams/rest/toolkits/com.ibm.streamsx.objectstorage-1.9.2",
            "version": "1.9.2"
        },
        {
            "id": "com.ibm.streamsx.rabbitmq-1.2.1",
            "index": "https://9.114.60.117:31614/streams/rest/toolkits/com.ibm.streamsx.rabbitmq-1.2.1/index",
            "name": "com.ibm.streamsx.rabbitmq",
            "path": "/opt/ibm/streams/toolkits/com.ibm.streamsx.rabbitmq-1.2.1",
            "requiredProductVersion": "4.2.0.0",
            "resourceType": "toolkit",
            "restid": "com.ibm.streamsx.rabbitmq-1.2.1",
            "self": "https://9.114.60.117:31614/streams/rest/toolkits/com.ibm.streamsx.rabbitmq-1.2.1",
            "version": "1.2.1"
        },
        {
            "id": "com.ibm.streamsx.sparkmllib-1.2.0",
            "index": "https://9.114.60.117:31614/streams/rest/toolkits/com.ibm.streamsx.sparkmllib-1.2.0/index",
            "name": "com.ibm.streamsx.sparkmllib",
            "path": "/opt/ibm/streams/toolkits/com.ibm.streamsx.sparkmllib-1.2.0",
            "requiredProductVersion": "4.0.1.0",
            "resourceType": "toolkit",
            "restid": "com.ibm.streamsx.sparkmllib-1.2.0",
            "self": "https://9.114.60.117:31614/streams/rest/toolkits/com.ibm.streamsx.sparkmllib-1.2.0",
            "version": "1.2.0"
        },
        {
            "id": "com.ibm.streamsx.topology-1.12.10",
            "index": "https://9.114.60.117:31614/streams/rest/toolkits/com.ibm.streamsx.topology-1.12.10/index",
            "name": "com.ibm.streamsx.topology",
            "path": "/opt/ibm/streams/toolkits/com.ibm.streamsx.topology-1.12.10",
            "requiredProductVersion": "4.2",
            "resourceType": "toolkit",
            "restid": "com.ibm.streamsx.topology-1.12.10",
            "self": "https://9.114.60.117:31614/streams/rest/toolkits/com.ibm.streamsx.topology-1.12.10",
            "version": "1.12.10"
        },
        {
            "id": "spl",
            "index": "https://9.114.60.117:31614/streams/rest/toolkits/spl/index",
            "name": "spl",
            "path": "/opt/ibm/streams/toolkits/spl",
            "requiredProductVersion": "4.2.3",
            "resourceType": "toolkit",
            "restid": "spl",
            "self": "https://9.114.60.117:31614/streams/rest/toolkits/spl",
            "version": "1.4.0"
        }
    ],
    "total": 31
}
